------------------------------------------------------------
Timing Analyzer Summary
------------------------------------------------------------

Type  : Slow 1200mV 85C Model Setup 'clk'
Slack : -3.387
TNS   : -199.712

Type  : Slow 1200mV 85C Model Setup '\DiviServo:cuenta_divi[11]'
Slack : -2.011
TNS   : -29.655

Type  : Slow 1200mV 85C Model Hold 'clk'
Slack : 0.330
TNS   : 0.000

Type  : Slow 1200mV 85C Model Hold '\DiviServo:cuenta_divi[11]'
Slack : 0.419
TNS   : 0.000

Type  : Slow 1200mV 85C Model Minimum Pulse Width 'clk'
Slack : -3.000
TNS   : -139.091

Type  : Slow 1200mV 85C Model Minimum Pulse Width '\DiviServo:cuenta_divi[11]'
Slack : -1.403
TNS   : -29.463

Type  : Slow 1200mV 0C Model Setup 'clk'
Slack : -3.081
TNS   : -177.102

Type  : Slow 1200mV 0C Model Setup '\DiviServo:cuenta_divi[11]'
Slack : -1.776
TNS   : -25.384

Type  : Slow 1200mV 0C Model Hold 'clk'
Slack : 0.296
TNS   : 0.000

Type  : Slow 1200mV 0C Model Hold '\DiviServo:cuenta_divi[11]'
Slack : 0.383
TNS   : 0.000

Type  : Slow 1200mV 0C Model Minimum Pulse Width 'clk'
Slack : -3.000
TNS   : -139.091

Type  : Slow 1200mV 0C Model Minimum Pulse Width '\DiviServo:cuenta_divi[11]'
Slack : -1.403
TNS   : -29.463

Type  : Fast 1200mV 0C Model Setup 'clk'
Slack : -0.860
TNS   : -32.169

Type  : Fast 1200mV 0C Model Setup '\DiviServo:cuenta_divi[11]'
Slack : -0.261
TNS   : -1.937

Type  : Fast 1200mV 0C Model Hold 'clk'
Slack : 0.145
TNS   : 0.000

Type  : Fast 1200mV 0C Model Hold '\DiviServo:cuenta_divi[11]'
Slack : 0.166
TNS   : 0.000

Type  : Fast 1200mV 0C Model Minimum Pulse Width 'clk'
Slack : -3.000
TNS   : -104.020

Type  : Fast 1200mV 0C Model Minimum Pulse Width '\DiviServo:cuenta_divi[11]'
Slack : -1.000
TNS   : -21.000

------------------------------------------------------------
