------------------------------------------------------------
Timing Analyzer Summary
------------------------------------------------------------

Type  : Slow 1200mV 85C Model Setup 'divisor_frec:ins_reloj_pelota|temporal'
Slack : -9.998
TNS   : -195.205

Type  : Slow 1200mV 85C Model Setup 'encendido'
Slack : -8.961
TNS   : -26.201

Type  : Slow 1200mV 85C Model Setup 'divisor_frec:inst_div_f|temporal'
Slack : -5.033
TNS   : -304.724

Type  : Slow 1200mV 85C Model Setup 'clk'
Slack : -4.679
TNS   : -371.778

Type  : Slow 1200mV 85C Model Setup 'controlador_vga:ins_controlador_vga|Hsync'
Slack : -3.114
TNS   : -28.598

Type  : Slow 1200mV 85C Model Setup 'divisor_frec:ins_reloj_jugadores|temporal'
Slack : -1.985
TNS   : -17.580

Type  : Slow 1200mV 85C Model Hold 'clk'
Slack : 0.322
TNS   : 0.000

Type  : Slow 1200mV 85C Model Hold 'controlador_vga:ins_controlador_vga|Hsync'
Slack : 0.348
TNS   : 0.000

Type  : Slow 1200mV 85C Model Hold 'divisor_frec:inst_div_f|temporal'
Slack : 0.348
TNS   : 0.000

Type  : Slow 1200mV 85C Model Hold 'divisor_frec:ins_reloj_pelota|temporal'
Slack : 0.602
TNS   : 0.000

Type  : Slow 1200mV 85C Model Hold 'divisor_frec:ins_reloj_jugadores|temporal'
Slack : 0.680
TNS   : 0.000

Type  : Slow 1200mV 85C Model Hold 'encendido'
Slack : 1.932
TNS   : 0.000

Type  : Slow 1200mV 85C Model Recovery 'divisor_frec:inst_div_f|temporal'
Slack : -5.040
TNS   : -198.851

Type  : Slow 1200mV 85C Model Recovery 'divisor_frec:ins_reloj_pelota|temporal'
Slack : -2.894
TNS   : -56.462

Type  : Slow 1200mV 85C Model Recovery 'clk'
Slack : -2.566
TNS   : -90.932

Type  : Slow 1200mV 85C Model Recovery 'controlador_vga:ins_controlador_vga|Hsync'
Slack : -2.379
TNS   : -43.464

Type  : Slow 1200mV 85C Model Recovery 'divisor_frec:ins_reloj_jugadores|temporal'
Slack : -2.219
TNS   : -21.966

Type  : Slow 1200mV 85C Model Removal 'divisor_frec:ins_reloj_pelota|temporal'
Slack : 1.196
TNS   : 0.000

Type  : Slow 1200mV 85C Model Removal 'divisor_frec:inst_div_f|temporal'
Slack : 1.432
TNS   : 0.000

Type  : Slow 1200mV 85C Model Removal 'controlador_vga:ins_controlador_vga|Hsync'
Slack : 1.831
TNS   : 0.000

Type  : Slow 1200mV 85C Model Removal 'divisor_frec:ins_reloj_jugadores|temporal'
Slack : 1.980
TNS   : 0.000

Type  : Slow 1200mV 85C Model Removal 'clk'
Slack : 2.276
TNS   : 0.000

Type  : Slow 1200mV 85C Model Minimum Pulse Width 'clk'
Slack : -3.000
TNS   : -207.838

Type  : Slow 1200mV 85C Model Minimum Pulse Width 'encendido'
Slack : -3.000
TNS   : -3.000

Type  : Slow 1200mV 85C Model Minimum Pulse Width 'divisor_frec:inst_div_f|temporal'
Slack : -1.403
TNS   : -122.061

Type  : Slow 1200mV 85C Model Minimum Pulse Width 'divisor_frec:ins_reloj_pelota|temporal'
Slack : -1.403
TNS   : -32.269

Type  : Slow 1200mV 85C Model Minimum Pulse Width 'controlador_vga:ins_controlador_vga|Hsync'
Slack : -1.403
TNS   : -29.463

Type  : Slow 1200mV 85C Model Minimum Pulse Width 'divisor_frec:ins_reloj_jugadores|temporal'
Slack : -1.403
TNS   : -14.030

Type  : Slow 1200mV 0C Model Setup 'divisor_frec:ins_reloj_pelota|temporal'
Slack : -9.093
TNS   : -177.412

Type  : Slow 1200mV 0C Model Setup 'encendido'
Slack : -8.105
TNS   : -23.887

Type  : Slow 1200mV 0C Model Setup 'divisor_frec:inst_div_f|temporal'
Slack : -4.562
TNS   : -273.072

Type  : Slow 1200mV 0C Model Setup 'clk'
Slack : -4.244
TNS   : -331.296

Type  : Slow 1200mV 0C Model Setup 'controlador_vga:ins_controlador_vga|Hsync'
Slack : -2.746
TNS   : -24.135

Type  : Slow 1200mV 0C Model Setup 'divisor_frec:ins_reloj_jugadores|temporal'
Slack : -1.723
TNS   : -15.033

Type  : Slow 1200mV 0C Model Hold 'clk'
Slack : 0.289
TNS   : 0.000

Type  : Slow 1200mV 0C Model Hold 'divisor_frec:inst_div_f|temporal'
Slack : 0.311
TNS   : 0.000

Type  : Slow 1200mV 0C Model Hold 'controlador_vga:ins_controlador_vga|Hsync'
Slack : 0.312
TNS   : 0.000

Type  : Slow 1200mV 0C Model Hold 'divisor_frec:ins_reloj_pelota|temporal'
Slack : 0.563
TNS   : 0.000

Type  : Slow 1200mV 0C Model Hold 'divisor_frec:ins_reloj_jugadores|temporal'
Slack : 0.626
TNS   : 0.000

Type  : Slow 1200mV 0C Model Hold 'encendido'
Slack : 1.726
TNS   : 0.000

Type  : Slow 1200mV 0C Model Recovery 'divisor_frec:inst_div_f|temporal'
Slack : -4.548
TNS   : -176.942

Type  : Slow 1200mV 0C Model Recovery 'divisor_frec:ins_reloj_pelota|temporal'
Slack : -2.652
TNS   : -51.624

Type  : Slow 1200mV 0C Model Recovery 'clk'
Slack : -2.280
TNS   : -80.744

Type  : Slow 1200mV 0C Model Recovery 'controlador_vga:ins_controlador_vga|Hsync'
Slack : -2.106
TNS   : -38.784

Type  : Slow 1200mV 0C Model Recovery 'divisor_frec:ins_reloj_jugadores|temporal'
Slack : -1.961
TNS   : -19.410

Type  : Slow 1200mV 0C Model Removal 'divisor_frec:ins_reloj_pelota|temporal'
Slack : 1.042
TNS   : 0.000

Type  : Slow 1200mV 0C Model Removal 'divisor_frec:inst_div_f|temporal'
Slack : 1.285
TNS   : 0.000

Type  : Slow 1200mV 0C Model Removal 'controlador_vga:ins_controlador_vga|Hsync'
Slack : 1.730
TNS   : 0.000

Type  : Slow 1200mV 0C Model Removal 'divisor_frec:ins_reloj_jugadores|temporal'
Slack : 1.936
TNS   : 0.000

Type  : Slow 1200mV 0C Model Removal 'clk'
Slack : 2.242
TNS   : 0.000

Type  : Slow 1200mV 0C Model Minimum Pulse Width 'clk'
Slack : -3.000
TNS   : -207.838

Type  : Slow 1200mV 0C Model Minimum Pulse Width 'encendido'
Slack : -3.000
TNS   : -3.000

Type  : Slow 1200mV 0C Model Minimum Pulse Width 'divisor_frec:inst_div_f|temporal'
Slack : -1.403
TNS   : -122.061

Type  : Slow 1200mV 0C Model Minimum Pulse Width 'divisor_frec:ins_reloj_pelota|temporal'
Slack : -1.403
TNS   : -32.269

Type  : Slow 1200mV 0C Model Minimum Pulse Width 'controlador_vga:ins_controlador_vga|Hsync'
Slack : -1.403
TNS   : -29.463

Type  : Slow 1200mV 0C Model Minimum Pulse Width 'divisor_frec:ins_reloj_jugadores|temporal'
Slack : -1.403
TNS   : -14.030

Type  : Fast 1200mV 0C Model Setup 'divisor_frec:ins_reloj_pelota|temporal'
Slack : -3.743
TNS   : -71.807

Type  : Fast 1200mV 0C Model Setup 'encendido'
Slack : -3.665
TNS   : -10.621

Type  : Fast 1200mV 0C Model Setup 'divisor_frec:inst_div_f|temporal'
Slack : -1.679
TNS   : -83.388

Type  : Fast 1200mV 0C Model Setup 'clk'
Slack : -1.625
TNS   : -79.712

Type  : Fast 1200mV 0C Model Setup 'controlador_vga:ins_controlador_vga|Hsync'
Slack : -1.021
TNS   : -2.976

Type  : Fast 1200mV 0C Model Setup 'divisor_frec:ins_reloj_jugadores|temporal'
Slack : -0.290
TNS   : -1.554

Type  : Fast 1200mV 0C Model Hold 'clk'
Slack : 0.140
TNS   : 0.000

Type  : Fast 1200mV 0C Model Hold 'controlador_vga:ins_controlador_vga|Hsync'
Slack : 0.152
TNS   : 0.000

Type  : Fast 1200mV 0C Model Hold 'divisor_frec:inst_div_f|temporal'
Slack : 0.152
TNS   : 0.000

Type  : Fast 1200mV 0C Model Hold 'divisor_frec:ins_reloj_pelota|temporal'
Slack : 0.238
TNS   : 0.000

Type  : Fast 1200mV 0C Model Hold 'divisor_frec:ins_reloj_jugadores|temporal'
Slack : 0.267
TNS   : 0.000

Type  : Fast 1200mV 0C Model Hold 'encendido'
Slack : 0.761
TNS   : 0.000

Type  : Fast 1200mV 0C Model Recovery 'divisor_frec:inst_div_f|temporal'
Slack : -2.457
TNS   : -93.205

Type  : Fast 1200mV 0C Model Recovery 'divisor_frec:ins_reloj_pelota|temporal'
Slack : -1.238
TNS   : -24.152

Type  : Fast 1200mV 0C Model Recovery 'clk'
Slack : -1.213
TNS   : -42.953

Type  : Fast 1200mV 0C Model Recovery 'controlador_vga:ins_controlador_vga|Hsync'
Slack : -1.141
TNS   : -18.490

Type  : Fast 1200mV 0C Model Recovery 'divisor_frec:ins_reloj_jugadores|temporal'
Slack : -1.060
TNS   : -10.508

Type  : Fast 1200mV 0C Model Removal 'divisor_frec:ins_reloj_pelota|temporal'
Slack : 0.550
TNS   : 0.000

Type  : Fast 1200mV 0C Model Removal 'divisor_frec:inst_div_f|temporal'
Slack : 0.562
TNS   : 0.000

Type  : Fast 1200mV 0C Model Removal 'controlador_vga:ins_controlador_vga|Hsync'
Slack : 0.609
TNS   : 0.000

Type  : Fast 1200mV 0C Model Removal 'divisor_frec:ins_reloj_jugadores|temporal'
Slack : 0.684
TNS   : 0.000

Type  : Fast 1200mV 0C Model Removal 'clk'
Slack : 0.733
TNS   : 0.000

Type  : Fast 1200mV 0C Model Minimum Pulse Width 'clk'
Slack : -3.000
TNS   : -153.864

Type  : Fast 1200mV 0C Model Minimum Pulse Width 'encendido'
Slack : -3.000
TNS   : -3.000

Type  : Fast 1200mV 0C Model Minimum Pulse Width 'divisor_frec:inst_div_f|temporal'
Slack : -1.000
TNS   : -87.000

Type  : Fast 1200mV 0C Model Minimum Pulse Width 'divisor_frec:ins_reloj_pelota|temporal'
Slack : -1.000
TNS   : -23.000

Type  : Fast 1200mV 0C Model Minimum Pulse Width 'controlador_vga:ins_controlador_vga|Hsync'
Slack : -1.000
TNS   : -21.000

Type  : Fast 1200mV 0C Model Minimum Pulse Width 'divisor_frec:ins_reloj_jugadores|temporal'
Slack : -1.000
TNS   : -10.000

------------------------------------------------------------
