Analysis & Synthesis report for pingpong
Fri Dec 08 18:55:18 2023
Quartus Prime Version 20.1.1 Build 720 11/11/2020 SJ Lite Edition


---------------------
; Table of Contents ;
---------------------
  1. Legal Notice
  2. Analysis & Synthesis Summary
  3. Analysis & Synthesis Settings
  4. Parallel Compilation
  5. Analysis & Synthesis Source Files Read
  6. Analysis & Synthesis Resource Usage Summary
  7. Analysis & Synthesis Resource Utilization by Entity
  8. Registers Removed During Synthesis
  9. General Register Statistics
 10. Inverted Register Statistics
 11. Multiplexer Restructuring Statistics (Restructuring Performed)
 12. Source assignments for Top-level Entity: |pingpong
 13. Parameter Settings for User Entity Instance: Top-level Entity: |pingpong
 14. Parameter Settings for User Entity Instance: divisor_frec:inst_div_f
 15. Parameter Settings for User Entity Instance: controlador_vga:ins_controlador_vga
 16. Parameter Settings for User Entity Instance: imprime_pantalla:ins_imprime_pantalla
 17. Parameter Settings for User Entity Instance: divisor_frec:ins_reloj_jugadores
 18. Parameter Settings for User Entity Instance: divisor_frec:ins_reloj_pelota
 19. Port Connectivity Checks: "sonic:ultra2"
 20. Port Connectivity Checks: "sonic:ultra1"
 21. Post-Synthesis Netlist Statistics for Top Partition
 22. Elapsed Time Per Partition
 23. Analysis & Synthesis Messages



----------------
; Legal Notice ;
----------------
Copyright (C) 2020  Intel Corporation. All rights reserved.
Your use of Intel Corporation's design tools, logic functions 
and other software and tools, and any partner logic 
functions, and any output files from any of the foregoing 
(including device programming or simulation files), and any 
associated documentation or information are expressly subject 
to the terms and conditions of the Intel Program License 
Subscription Agreement, the Intel Quartus Prime License Agreement,
the Intel FPGA IP License Agreement, or other applicable license
agreement, including, without limitation, that your use is for
the sole purpose of programming logic devices manufactured by
Intel and sold by Intel or its authorized distributors.  Please
refer to the applicable agreement for further details, at
https://fpgasoftware.intel.com/eula.



+----------------------------------------------------------------------------------+
; Analysis & Synthesis Summary                                                     ;
+------------------------------------+---------------------------------------------+
; Analysis & Synthesis Status        ; Successful - Fri Dec 08 18:55:18 2023       ;
; Quartus Prime Version              ; 20.1.1 Build 720 11/11/2020 SJ Lite Edition ;
; Revision Name                      ; pingpong                                    ;
; Top-level Entity Name              ; PINGPONG                                    ;
; Family                             ; MAX 10                                      ;
; Total logic elements               ; 959                                         ;
;     Total combinational functions  ; 935                                         ;
;     Dedicated logic registers      ; 299                                         ;
; Total registers                    ; 299                                         ;
; Total pins                         ; 43                                          ;
; Total virtual pins                 ; 0                                           ;
; Total memory bits                  ; 0                                           ;
; Embedded Multiplier 9-bit elements ; 0                                           ;
; Total PLLs                         ; 0                                           ;
; UFM blocks                         ; 0                                           ;
; ADC blocks                         ; 0                                           ;
+------------------------------------+---------------------------------------------+


+------------------------------------------------------------------------------------------------------------+
; Analysis & Synthesis Settings                                                                              ;
+------------------------------------------------------------------+--------------------+--------------------+
; Option                                                           ; Setting            ; Default Value      ;
+------------------------------------------------------------------+--------------------+--------------------+
; Device                                                           ; 10M50DAF484C7G     ;                    ;
; Top-level entity name                                            ; pingpong           ; pingpong           ;
; Family name                                                      ; MAX 10             ; Cyclone V          ;
; Use smart compilation                                            ; Off                ; Off                ;
; Enable parallel Assembler and Timing Analyzer during compilation ; On                 ; On                 ;
; Enable compact report table                                      ; Off                ; Off                ;
; Restructure Multiplexers                                         ; Auto               ; Auto               ;
; Create Debugging Nodes for IP Cores                              ; Off                ; Off                ;
; Preserve fewer node names                                        ; On                 ; On                 ;
; Intel FPGA IP Evaluation Mode                                    ; Enable             ; Enable             ;
; Verilog Version                                                  ; Verilog_2001       ; Verilog_2001       ;
; VHDL Version                                                     ; VHDL_1993          ; VHDL_1993          ;
; State Machine Processing                                         ; Auto               ; Auto               ;
; Safe State Machine                                               ; Off                ; Off                ;
; Extract Verilog State Machines                                   ; On                 ; On                 ;
; Extract VHDL State Machines                                      ; On                 ; On                 ;
; Ignore Verilog initial constructs                                ; Off                ; Off                ;
; Iteration limit for constant Verilog loops                       ; 5000               ; 5000               ;
; Iteration limit for non-constant Verilog loops                   ; 250                ; 250                ;
; Add Pass-Through Logic to Inferred RAMs                          ; On                 ; On                 ;
; Infer RAMs from Raw Logic                                        ; On                 ; On                 ;
; Parallel Synthesis                                               ; On                 ; On                 ;
; DSP Block Balancing                                              ; Auto               ; Auto               ;
; NOT Gate Push-Back                                               ; On                 ; On                 ;
; Power-Up Don't Care                                              ; On                 ; On                 ;
; Remove Redundant Logic Cells                                     ; Off                ; Off                ;
; Remove Duplicate Registers                                       ; On                 ; On                 ;
; Ignore CARRY Buffers                                             ; Off                ; Off                ;
; Ignore CASCADE Buffers                                           ; Off                ; Off                ;
; Ignore GLOBAL Buffers                                            ; Off                ; Off                ;
; Ignore ROW GLOBAL Buffers                                        ; Off                ; Off                ;
; Ignore LCELL Buffers                                             ; Off                ; Off                ;
; Ignore SOFT Buffers                                              ; On                 ; On                 ;
; Limit AHDL Integers to 32 Bits                                   ; Off                ; Off                ;
; Optimization Technique                                           ; Balanced           ; Balanced           ;
; Carry Chain Length                                               ; 70                 ; 70                 ;
; Auto Carry Chains                                                ; On                 ; On                 ;
; Auto Open-Drain Pins                                             ; On                 ; On                 ;
; Perform WYSIWYG Primitive Resynthesis                            ; Off                ; Off                ;
; Auto ROM Replacement                                             ; On                 ; On                 ;
; Auto RAM Replacement                                             ; On                 ; On                 ;
; Auto DSP Block Replacement                                       ; On                 ; On                 ;
; Auto Shift Register Replacement                                  ; Auto               ; Auto               ;
; Allow Shift Register Merging across Hierarchies                  ; Auto               ; Auto               ;
; Auto Clock Enable Replacement                                    ; On                 ; On                 ;
; Strict RAM Replacement                                           ; Off                ; Off                ;
; Allow Synchronous Control Signals                                ; On                 ; On                 ;
; Force Use of Synchronous Clear Signals                           ; Off                ; Off                ;
; Auto RAM Block Balancing                                         ; On                 ; On                 ;
; Auto RAM to Logic Cell Conversion                                ; Off                ; Off                ;
; Auto Resource Sharing                                            ; Off                ; Off                ;
; Allow Any RAM Size For Recognition                               ; Off                ; Off                ;
; Allow Any ROM Size For Recognition                               ; Off                ; Off                ;
; Allow Any Shift Register Size For Recognition                    ; Off                ; Off                ;
; Use LogicLock Constraints during Resource Balancing              ; On                 ; On                 ;
; Ignore translate_off and synthesis_off directives                ; Off                ; Off                ;
; Timing-Driven Synthesis                                          ; On                 ; On                 ;
; Report Parameter Settings                                        ; On                 ; On                 ;
; Report Source Assignments                                        ; On                 ; On                 ;
; Report Connectivity Checks                                       ; On                 ; On                 ;
; Ignore Maximum Fan-Out Assignments                               ; Off                ; Off                ;
; Synchronization Register Chain Length                            ; 2                  ; 2                  ;
; Power Optimization During Synthesis                              ; Normal compilation ; Normal compilation ;
; HDL message level                                                ; Level2             ; Level2             ;
; Suppress Register Optimization Related Messages                  ; Off                ; Off                ;
; Number of Removed Registers Reported in Synthesis Report         ; 5000               ; 5000               ;
; Number of Swept Nodes Reported in Synthesis Report               ; 5000               ; 5000               ;
; Number of Inverted Registers Reported in Synthesis Report        ; 100                ; 100                ;
; Clock MUX Protection                                             ; On                 ; On                 ;
; Auto Gated Clock Conversion                                      ; Off                ; Off                ;
; Block Design Naming                                              ; Auto               ; Auto               ;
; SDC constraint protection                                        ; Off                ; Off                ;
; Synthesis Effort                                                 ; Auto               ; Auto               ;
; Shift Register Replacement - Allow Asynchronous Clear Signal     ; On                 ; On                 ;
; Pre-Mapping Resynthesis Optimization                             ; Off                ; Off                ;
; Analysis & Synthesis Message Level                               ; Medium             ; Medium             ;
; Disable Register Merging Across Hierarchies                      ; Auto               ; Auto               ;
; Resource Aware Inference For Block RAM                           ; On                 ; On                 ;
+------------------------------------------------------------------+--------------------+--------------------+


+------------------------------------------+
; Parallel Compilation                     ;
+----------------------------+-------------+
; Processors                 ; Number      ;
+----------------------------+-------------+
; Number detected on machine ; 4           ;
; Maximum allowed            ; 2           ;
;                            ;             ;
; Average used               ; 1.00        ;
; Maximum used               ; 2           ;
;                            ;             ;
; Usage by Processor         ; % Time Used ;
;     Processor 1            ; 100.0%      ;
;     Processor 2            ;   0.0%      ;
+----------------------------+-------------+


+---------------------------------------------------------------------------------------------------------------------------------------------------------------------+
; Analysis & Synthesis Source Files Read                                                                                                                              ;
+----------------------------------+-----------------+-----------------+------------------------------------------------------------------------------------+---------+
; File Name with User-Entered Path ; Used in Netlist ; File Type       ; File Name with Absolute Path                                                       ; Library ;
+----------------------------------+-----------------+-----------------+------------------------------------------------------------------------------------+---------+
; sonic.vhd                        ; yes             ; User VHDL File  ; C:/Users/IsraCode/Documents/FI/2024-1/VLSI/vgaSonicosPingpong/sonic.vhd            ;         ;
; controlador_vga.vhd              ; yes             ; User VHDL File  ; C:/Users/IsraCode/Documents/FI/2024-1/VLSI/vgaSonicosPingpong/controlador_vga.vhd  ;         ;
; marcador_dss.vhd                 ; yes             ; User VHDL File  ; C:/Users/IsraCode/Documents/FI/2024-1/VLSI/vgaSonicosPingpong/marcador_dss.vhd     ;         ;
; imprime_pantalla.vhd             ; yes             ; User VHDL File  ; C:/Users/IsraCode/Documents/FI/2024-1/VLSI/vgaSonicosPingpong/imprime_pantalla.vhd ;         ;
; divisor_frec.vhd                 ; yes             ; User VHDL File  ; C:/Users/IsraCode/Documents/FI/2024-1/VLSI/vgaSonicosPingpong/divisor_frec.vhd     ;         ;
; pingpong.vhd                     ; yes             ; User VHDL File  ; C:/Users/IsraCode/Documents/FI/2024-1/VLSI/vgaSonicosPingpong/pingpong.vhd         ;         ;
+----------------------------------+-----------------+-----------------+------------------------------------------------------------------------------------+---------+


+---------------------------------------------------------------+
; Analysis & Synthesis Resource Usage Summary                   ;
+---------------------------------------------+-----------------+
; Resource                                    ; Usage           ;
+---------------------------------------------+-----------------+
; Estimated Total logic elements              ; 959             ;
;                                             ;                 ;
; Total combinational functions               ; 935             ;
; Logic element usage by number of LUT inputs ;                 ;
;     -- 4 input functions                    ; 232             ;
;     -- 3 input functions                    ; 236             ;
;     -- <=2 input functions                  ; 467             ;
;                                             ;                 ;
; Logic elements by mode                      ;                 ;
;     -- normal mode                          ; 381             ;
;     -- arithmetic mode                      ; 554             ;
;                                             ;                 ;
; Total registers                             ; 299             ;
;     -- Dedicated logic registers            ; 299             ;
;     -- I/O registers                        ; 0               ;
;                                             ;                 ;
; I/O pins                                    ; 43              ;
;                                             ;                 ;
; Embedded Multiplier 9-bit elements          ; 0               ;
;                                             ;                 ;
; Maximum fan-out node                        ; encendido~input ;
; Maximum fan-out                             ; 148             ;
; Total fan-out                               ; 3680            ;
; Average fan-out                             ; 2.79            ;
+---------------------------------------------+-----------------+


+-------------------------------------------------------------------------------------------------------------------------------------------------------------------------------------------------------------------------------------------------------------------------------------+
; Analysis & Synthesis Resource Utilization by Entity                                                                                                                                                                                                                                 ;
+--------------------------------------------+---------------------+---------------------------+-------------+------------+--------------+---------+-----------+------+--------------+------------+-------------------------------------------------+------------------+--------------+
; Compilation Hierarchy Node                 ; Combinational ALUTs ; Dedicated Logic Registers ; Memory Bits ; UFM Blocks ; DSP Elements ; DSP 9x9 ; DSP 18x18 ; Pins ; Virtual Pins ; ADC blocks ; Full Hierarchy Name                             ; Entity Name      ; Library Name ;
+--------------------------------------------+---------------------+---------------------------+-------------+------------+--------------+---------+-----------+------+--------------+------------+-------------------------------------------------+------------------+--------------+
; |PINGPONG                                  ; 935 (0)             ; 299 (0)                   ; 0           ; 0          ; 0            ; 0       ; 0         ; 43   ; 0            ; 0          ; |PINGPONG                                       ; PINGPONG         ; work         ;
;    |controlador_vga:ins_controlador_vga|   ; 44 (44)             ; 23 (23)                   ; 0           ; 0          ; 0            ; 0       ; 0         ; 0    ; 0            ; 0          ; |PINGPONG|controlador_vga:ins_controlador_vga   ; controlador_vga  ; work         ;
;    |divisor_frec:ins_reloj_jugadores|      ; 30 (30)             ; 18 (18)                   ; 0           ; 0          ; 0            ; 0       ; 0         ; 0    ; 0            ; 0          ; |PINGPONG|divisor_frec:ins_reloj_jugadores      ; divisor_frec     ; work         ;
;    |divisor_frec:ins_reloj_pelota|         ; 31 (31)             ; 17 (17)                   ; 0           ; 0          ; 0            ; 0       ; 0         ; 0    ; 0            ; 0          ; |PINGPONG|divisor_frec:ins_reloj_pelota         ; divisor_frec     ; work         ;
;    |divisor_frec:inst_div_f|               ; 1 (1)               ; 1 (1)                     ; 0           ; 0          ; 0            ; 0       ; 0         ; 0    ; 0            ; 0          ; |PINGPONG|divisor_frec:inst_div_f               ; divisor_frec     ; work         ;
;    |imprime_pantalla:ins_imprime_pantalla| ; 639 (639)           ; 128 (128)                 ; 0           ; 0          ; 0            ; 0       ; 0         ; 0    ; 0            ; 0          ; |PINGPONG|imprime_pantalla:ins_imprime_pantalla ; imprime_pantalla ; work         ;
;    |marcador_dss:ins_marcador|             ; 46 (46)             ; 0 (0)                     ; 0           ; 0          ; 0            ; 0       ; 0         ; 0    ; 0            ; 0          ; |PINGPONG|marcador_dss:ins_marcador             ; marcador_dss     ; work         ;
;    |sonic:ultra1|                          ; 72 (72)             ; 56 (56)                   ; 0           ; 0          ; 0            ; 0       ; 0         ; 0    ; 0            ; 0          ; |PINGPONG|sonic:ultra1                          ; sonic            ; work         ;
;    |sonic:ultra2|                          ; 72 (72)             ; 56 (56)                   ; 0           ; 0          ; 0            ; 0       ; 0         ; 0    ; 0            ; 0          ; |PINGPONG|sonic:ultra2                          ; sonic            ; work         ;
+--------------------------------------------+---------------------+---------------------------+-------------+------------+--------------+---------+-----------+------+--------------+------------+-------------------------------------------------+------------------+--------------+
Note: For table entries with two numbers listed, the numbers in parentheses indicate the number of resources of the given type used by the specific entity alone. The numbers listed outside of parentheses indicate the total resources of the given type used by the specific entity and all of its sub-entities in the hierarchy.


+--------------------------------------------------------------------------------------------------------------------------------------------+
; Registers Removed During Synthesis                                                                                                         ;
+--------------------------------------------------------------------+-----------------------------------------------------------------------+
; Register name                                                      ; Reason for Removal                                                    ;
+--------------------------------------------------------------------+-----------------------------------------------------------------------+
; imprime_pantalla:ins_imprime_pantalla|coord_x_raqueta1[0,2,3,6..9] ; Stuck at GND due to stuck port data_in                                ;
; imprime_pantalla:ins_imprime_pantalla|coord_x_raqueta2[0,4,5,7,8]  ; Stuck at GND due to stuck port data_in                                ;
; controlador_vga:ins_controlador_vga|Vactive                        ; Stuck at VCC due to stuck port data_in                                ;
; divisor_frec:inst_div_f|ContadorAscendente                         ; Stuck at GND due to stuck port data_in                                ;
; imprime_pantalla:ins_imprime_pantalla|coord_x_raqueta1[4,5]        ; Merged with imprime_pantalla:ins_imprime_pantalla|coord_x_raqueta1[1] ;
; imprime_pantalla:ins_imprime_pantalla|coord_x_raqueta2[1..3,6,9]   ; Merged with imprime_pantalla:ins_imprime_pantalla|coord_x_raqueta1[1] ;
; divisor_frec:ins_reloj_pelota|ContadorAscendente[0]                ; Merged with divisor_frec:ins_reloj_jugadores|ContadorAscendente[0]    ;
; divisor_frec:ins_reloj_pelota|ContadorAscendente[1]                ; Merged with divisor_frec:ins_reloj_jugadores|ContadorAscendente[1]    ;
; imprime_pantalla:ins_imprime_pantalla|coord_x_raqueta1[1]          ; Stuck at GND due to stuck port data_in                                ;
; Total Number of Removed Registers = 24                             ;                                                                       ;
+--------------------------------------------------------------------+-----------------------------------------------------------------------+


+------------------------------------------------------+
; General Register Statistics                          ;
+----------------------------------------------+-------+
; Statistic                                    ; Value ;
+----------------------------------------------+-------+
; Total registers                              ; 299   ;
; Number of registers using Synchronous Clear  ; 130   ;
; Number of registers using Synchronous Load   ; 0     ;
; Number of registers using Asynchronous Clear ; 184   ;
; Number of registers using Asynchronous Load  ; 0     ;
; Number of registers using Clock Enable       ; 183   ;
; Number of registers using Preset             ; 0     ;
+----------------------------------------------+-------+


+---------------------------------------------------------------------+
; Inverted Register Statistics                                        ;
+-----------------------------------------------------------+---------+
; Inverted Register                                         ; Fan out ;
+-----------------------------------------------------------+---------+
; imprime_pantalla:ins_imprime_pantalla|coord_y_raqueta2[7] ; 10      ;
; imprime_pantalla:ins_imprime_pantalla|coord_y_raqueta2[6] ; 10      ;
; imprime_pantalla:ins_imprime_pantalla|coord_y_raqueta2[5] ; 10      ;
; imprime_pantalla:ins_imprime_pantalla|coord_y_raqueta2[4] ; 10      ;
; imprime_pantalla:ins_imprime_pantalla|Coord_x_pelota[8]   ; 9       ;
; imprime_pantalla:ins_imprime_pantalla|Coord_x_pelota[6]   ; 9       ;
; imprime_pantalla:ins_imprime_pantalla|Coord_y_pelota[7]   ; 12      ;
; imprime_pantalla:ins_imprime_pantalla|Coord_y_pelota[6]   ; 12      ;
; imprime_pantalla:ins_imprime_pantalla|Coord_y_pelota[5]   ; 12      ;
; imprime_pantalla:ins_imprime_pantalla|Coord_y_pelota[4]   ; 12      ;
; imprime_pantalla:ins_imprime_pantalla|coord_y_raqueta1[7] ; 10      ;
; imprime_pantalla:ins_imprime_pantalla|coord_y_raqueta1[6] ; 10      ;
; imprime_pantalla:ins_imprime_pantalla|coord_y_raqueta1[5] ; 10      ;
; imprime_pantalla:ins_imprime_pantalla|coord_y_raqueta1[4] ; 10      ;
; Total number of inverted registers = 14                   ;         ;
+-----------------------------------------------------------+---------+


+-----------------------------------------------------------------------------------------------------------------------------------------------------------------------------------+
; Multiplexer Restructuring Statistics (Restructuring Performed)                                                                                                                    ;
+--------------------+-----------+---------------+----------------------+------------------------+------------+---------------------------------------------------------------------+
; Multiplexer Inputs ; Bus Width ; Baseline Area ; Area if Restructured ; Saving if Restructured ; Registered ; Example Multiplexer Output                                          ;
+--------------------+-----------+---------------+----------------------+------------------------+------------+---------------------------------------------------------------------+
; 3:1                ; 16 bits   ; 32 LEs        ; 16 LEs               ; 16 LEs                 ; Yes        ; |PINGPONG|sonic:ultra1|centimetros[12]                              ;
; 3:1                ; 4 bits    ; 8 LEs         ; 4 LEs                ; 4 LEs                  ; Yes        ; |PINGPONG|sonic:ultra1|centimetros_dece[0]                          ;
; 3:1                ; 16 bits   ; 32 LEs        ; 16 LEs               ; 16 LEs                 ; Yes        ; |PINGPONG|sonic:ultra2|centimetros[4]                               ;
; 3:1                ; 4 bits    ; 8 LEs         ; 4 LEs                ; 4 LEs                  ; Yes        ; |PINGPONG|sonic:ultra2|centimetros_dece[3]                          ;
; 4:1                ; 32 bits   ; 64 LEs        ; 32 LEs               ; 32 LEs                 ; Yes        ; |PINGPONG|imprime_pantalla:ins_imprime_pantalla|marcador_j2[9]      ;
; 4:1                ; 32 bits   ; 64 LEs        ; 32 LEs               ; 32 LEs                 ; Yes        ; |PINGPONG|imprime_pantalla:ins_imprime_pantalla|marcador_j1[7]      ;
; 4:1                ; 6 bits    ; 12 LEs        ; 12 LEs               ; 0 LEs                  ; Yes        ; |PINGPONG|imprime_pantalla:ins_imprime_pantalla|coord_y_raqueta1[9] ;
; 4:1                ; 6 bits    ; 12 LEs        ; 12 LEs               ; 0 LEs                  ; Yes        ; |PINGPONG|imprime_pantalla:ins_imprime_pantalla|coord_y_raqueta2[0] ;
; 3:1                ; 6 bits    ; 12 LEs        ; 0 LEs                ; 12 LEs                 ; Yes        ; |PINGPONG|imprime_pantalla:ins_imprime_pantalla|Coord_y_pelota[3]   ;
; 6:1                ; 8 bits    ; 32 LEs        ; 0 LEs                ; 32 LEs                 ; Yes        ; |PINGPONG|imprime_pantalla:ins_imprime_pantalla|Coord_x_pelota[5]   ;
; 4:1                ; 4 bits    ; 8 LEs         ; 4 LEs                ; 4 LEs                  ; Yes        ; |PINGPONG|sonic:ultra1|centimetros_unid[3]                          ;
; 4:1                ; 4 bits    ; 8 LEs         ; 4 LEs                ; 4 LEs                  ; Yes        ; |PINGPONG|sonic:ultra2|centimetros_unid[3]                          ;
; 6:1                ; 17 bits   ; 68 LEs        ; 17 LEs               ; 51 LEs                 ; Yes        ; |PINGPONG|sonic:ultra1|cuenta[13]                                   ;
; 6:1                ; 17 bits   ; 68 LEs        ; 17 LEs               ; 51 LEs                 ; Yes        ; |PINGPONG|sonic:ultra2|cuenta[10]                                   ;
; 4:1                ; 4 bits    ; 8 LEs         ; 8 LEs                ; 0 LEs                  ; Yes        ; |PINGPONG|imprime_pantalla:ins_imprime_pantalla|coord_y_raqueta1[4] ;
; 4:1                ; 4 bits    ; 8 LEs         ; 8 LEs                ; 0 LEs                  ; Yes        ; |PINGPONG|imprime_pantalla:ins_imprime_pantalla|coord_y_raqueta2[4] ;
; 3:1                ; 4 bits    ; 8 LEs         ; 0 LEs                ; 8 LEs                  ; Yes        ; |PINGPONG|imprime_pantalla:ins_imprime_pantalla|Coord_y_pelota[7]   ;
; 6:1                ; 2 bits    ; 8 LEs         ; 0 LEs                ; 8 LEs                  ; Yes        ; |PINGPONG|imprime_pantalla:ins_imprime_pantalla|Coord_x_pelota[6]   ;
; 20:1               ; 2 bits    ; 26 LEs        ; 24 LEs               ; 2 LEs                  ; Yes        ; |PINGPONG|imprime_pantalla:ins_imprime_pantalla|Direccion_pelota[0] ;
; 6:1                ; 10 bits   ; 40 LEs        ; 0 LEs                ; 40 LEs                 ; No         ; |PINGPONG|imprime_pantalla:ins_imprime_pantalla|Add9                ;
+--------------------+-----------+---------------+----------------------+------------------------+------------+---------------------------------------------------------------------+


+----------------------------------------------------+
; Source assignments for Top-level Entity: |pingpong ;
+------------+---------+------+----------------------+
; Assignment ; Value   ; From ; To                   ;
+------------+---------+------+----------------------+
; LOCATION   ; Pin_C10 ; -    ; palancasjugadores[1] ;
; LOCATION   ; Pin_F15 ; -    ; palancasjugadores[0] ;
; LOCATION   ; Pin_F20 ; -    ; seg_marcador_j1[6]   ;
; LOCATION   ; Pin_F19 ; -    ; seg_marcador_j1[5]   ;
; LOCATION   ; Pin_H19 ; -    ; seg_marcador_j1[4]   ;
; LOCATION   ; Pin_J18 ; -    ; seg_marcador_j1[3]   ;
; LOCATION   ; Pin_E19 ; -    ; seg_marcador_j1[2]   ;
; LOCATION   ; Pin_E20 ; -    ; seg_marcador_j1[1]   ;
; LOCATION   ; Pin_F18 ; -    ; seg_marcador_j1[0]   ;
; LOCATION   ; Pin_B17 ; -    ; seg_marcador_j2[6]   ;
; LOCATION   ; Pin_A18 ; -    ; seg_marcador_j2[5]   ;
; LOCATION   ; Pin_A17 ; -    ; seg_marcador_j2[4]   ;
; LOCATION   ; Pin_B16 ; -    ; seg_marcador_j2[3]   ;
; LOCATION   ; Pin_E18 ; -    ; seg_marcador_j2[2]   ;
; LOCATION   ; Pin_D18 ; -    ; seg_marcador_j2[1]   ;
; LOCATION   ; Pin_C18 ; -    ; seg_marcador_j2[0]   ;
; LOCATION   ; Pin_AA1 ; -    ; R[3]                 ;
; LOCATION   ; Pin_V1  ; -    ; R[2]                 ;
; LOCATION   ; Pin_Y2  ; -    ; R[1]                 ;
; LOCATION   ; Pin_Y1  ; -    ; R[0]                 ;
; LOCATION   ; Pin_W1  ; -    ; G[3]                 ;
; LOCATION   ; Pin_T2  ; -    ; G[2]                 ;
; LOCATION   ; Pin_R2  ; -    ; G[1]                 ;
; LOCATION   ; Pin_R1  ; -    ; G[0]                 ;
; LOCATION   ; Pin_P1  ; -    ; B[3]                 ;
; LOCATION   ; Pin_T1  ; -    ; B[2]                 ;
; LOCATION   ; Pin_P4  ; -    ; B[1]                 ;
; LOCATION   ; Pin_N2  ; -    ; B[0]                 ;
; LOCATION   ; Pin_N14 ; -    ; clk                  ;
; LOCATION   ; Pin_A12 ; -    ; encendido            ;
; LOCATION   ; Pin_N3  ; -    ; Hsync                ;
; LOCATION   ; Pin_n1  ; -    ; Vsync                ;
; LOCATION   ; Pin_B8  ; -    ; start_game           ;
; LOCATION   ; Pin_E17 ; -    ; separador1_marcador  ;
; LOCATION   ; Pin_B22 ; -    ; separador2_marcador  ;
; LOCATION   ; Pin_V5  ; -    ; sensor_eco1          ;
; LOCATION   ; Pin_B11 ; -    ; led1                 ;
; LOCATION   ; Pin_W6  ; -    ; sensor_disp1         ;
; LOCATION   ; Pin_AA2 ; -    ; sensor_eco2          ;
; LOCATION   ; Pin_A8  ; -    ; led2                 ;
; LOCATION   ; Pin_AB2 ; -    ; sensor_disp2         ;
+------------+---------+------+----------------------+


+--------------------------------------------------------------------------+
; Parameter Settings for User Entity Instance: Top-level Entity: |pingpong ;
+-------------------------+--------+---------------------------------------+
; Parameter Name          ; Value  ; Type                                  ;
+-------------------------+--------+---------------------------------------+
; divisor                 ; 2      ; Signed Integer                        ;
; divisor_raqueta         ; 200000 ; Signed Integer                        ;
; divisor_pelota          ; 415000 ; Signed Integer                        ;
; Psh                     ; 96     ; Signed Integer                        ;
; Ihv                     ; 144    ; Signed Integer                        ;
; Fhv                     ; 784    ; Signed Integer                        ;
; TotalHorizontal         ; 800    ; Signed Integer                        ;
; Psv                     ; 2      ; Signed Integer                        ;
; Ivv                     ; 35     ; Signed Integer                        ;
; Fvv                     ; 515    ; Signed Integer                        ;
; TotalVertical           ; 525    ; Signed Integer                        ;
; MedidaVerticalRaqueta   ; 95     ; Signed Integer                        ;
; MedidaHorizontalRaqueta ; 15     ; Signed Integer                        ;
+-------------------------+--------+---------------------------------------+
Note: In order to hide this table in the UI and the text report file, please set the "Show Parameter Settings in Synthesis Report" option in "Analysis and Synthesis Settings -> More Settings" to "Off".


+----------------------------------------------------------------------+
; Parameter Settings for User Entity Instance: divisor_frec:inst_div_f ;
+----------------+-------+---------------------------------------------+
; Parameter Name ; Value ; Type                                        ;
+----------------+-------+---------------------------------------------+
; divisor        ; 2     ; Signed Integer                              ;
+----------------+-------+---------------------------------------------+
Note: In order to hide this table in the UI and the text report file, please set the "Show Parameter Settings in Synthesis Report" option in "Analysis and Synthesis Settings -> More Settings" to "Off".


+----------------------------------------------------------------------------------+
; Parameter Settings for User Entity Instance: controlador_vga:ins_controlador_vga ;
+-----------------+-------+--------------------------------------------------------+
; Parameter Name  ; Value ; Type                                                   ;
+-----------------+-------+--------------------------------------------------------+
; psh             ; 96    ; Signed Integer                                         ;
; ihv             ; 144   ; Signed Integer                                         ;
; fhv             ; 784   ; Signed Integer                                         ;
; totalhorizontal ; 800   ; Signed Integer                                         ;
; psv             ; 2     ; Signed Integer                                         ;
; ivv             ; 35    ; Signed Integer                                         ;
; fvv             ; 515   ; Signed Integer                                         ;
; totalvertical   ; 525   ; Signed Integer                                         ;
+-----------------+-------+--------------------------------------------------------+
Note: In order to hide this table in the UI and the text report file, please set the "Show Parameter Settings in Synthesis Report" option in "Analysis and Synthesis Settings -> More Settings" to "Off".


+------------------------------------------------------------------------------------+
; Parameter Settings for User Entity Instance: imprime_pantalla:ins_imprime_pantalla ;
+-------------------------+-------+--------------------------------------------------+
; Parameter Name          ; Value ; Type                                             ;
+-------------------------+-------+--------------------------------------------------+
; psh                     ; 96    ; Signed Integer                                   ;
; ihv                     ; 144   ; Signed Integer                                   ;
; fhv                     ; 784   ; Signed Integer                                   ;
; totalhorizontal         ; 800   ; Signed Integer                                   ;
; psv                     ; 2     ; Signed Integer                                   ;
; ivv                     ; 35    ; Signed Integer                                   ;
; fvv                     ; 515   ; Signed Integer                                   ;
; totalvertical           ; 525   ; Signed Integer                                   ;
; medidaverticalraqueta   ; 95    ; Signed Integer                                   ;
; medidahorizontalraqueta ; 15    ; Signed Integer                                   ;
; medidapelota            ; 10    ; Signed Integer                                   ;
+-------------------------+-------+--------------------------------------------------+
Note: In order to hide this table in the UI and the text report file, please set the "Show Parameter Settings in Synthesis Report" option in "Analysis and Synthesis Settings -> More Settings" to "Off".


+-------------------------------------------------------------------------------+
; Parameter Settings for User Entity Instance: divisor_frec:ins_reloj_jugadores ;
+----------------+--------+-----------------------------------------------------+
; Parameter Name ; Value  ; Type                                                ;
+----------------+--------+-----------------------------------------------------+
; divisor        ; 200000 ; Signed Integer                                      ;
+----------------+--------+-----------------------------------------------------+
Note: In order to hide this table in the UI and the text report file, please set the "Show Parameter Settings in Synthesis Report" option in "Analysis and Synthesis Settings -> More Settings" to "Off".


+----------------------------------------------------------------------------+
; Parameter Settings for User Entity Instance: divisor_frec:ins_reloj_pelota ;
+----------------+--------+--------------------------------------------------+
; Parameter Name ; Value  ; Type                                             ;
+----------------+--------+--------------------------------------------------+
; divisor        ; 415000 ; Signed Integer                                   ;
+----------------+--------+--------------------------------------------------+
Note: In order to hide this table in the UI and the text report file, please set the "Show Parameter Settings in Synthesis Report" option in "Analysis and Synthesis Settings -> More Settings" to "Off".


+-------------------------------------------------------------------------------------------------------------------------------------+
; Port Connectivity Checks: "sonic:ultra2"                                                                                            ;
+------+--------+----------+----------------------------------------------------------------------------------------------------------+
; Port ; Type   ; Severity ; Details                                                                                                  ;
+------+--------+----------+----------------------------------------------------------------------------------------------------------+
; ucm  ; Output ; Warning  ; Declared by entity but not connected by instance. Logic that only feeds a dangling port will be removed. ;
; dcm  ; Output ; Warning  ; Declared by entity but not connected by instance. Logic that only feeds a dangling port will be removed. ;
+------+--------+----------+----------------------------------------------------------------------------------------------------------+


+-------------------------------------------------------------------------------------------------------------------------------------+
; Port Connectivity Checks: "sonic:ultra1"                                                                                            ;
+------+--------+----------+----------------------------------------------------------------------------------------------------------+
; Port ; Type   ; Severity ; Details                                                                                                  ;
+------+--------+----------+----------------------------------------------------------------------------------------------------------+
; ucm  ; Output ; Warning  ; Declared by entity but not connected by instance. Logic that only feeds a dangling port will be removed. ;
; dcm  ; Output ; Warning  ; Declared by entity but not connected by instance. Logic that only feeds a dangling port will be removed. ;
+------+--------+----------+----------------------------------------------------------------------------------------------------------+


+-----------------------------------------------------+
; Post-Synthesis Netlist Statistics for Top Partition ;
+-----------------------+-----------------------------+
; Type                  ; Count                       ;
+-----------------------+-----------------------------+
; boundary_port         ; 43                          ;
; cycloneiii_ff         ; 299                         ;
;     CLR               ; 101                         ;
;     ENA               ; 34                          ;
;     ENA CLR           ; 19                          ;
;     ENA CLR SCLR      ; 64                          ;
;     ENA SCLR          ; 66                          ;
;     plain             ; 15                          ;
; cycloneiii_lcell_comb ; 941                         ;
;     arith             ; 554                         ;
;         2 data inputs ; 363                         ;
;         3 data inputs ; 191                         ;
;     normal            ; 387                         ;
;         0 data inputs ; 17                          ;
;         1 data inputs ; 29                          ;
;         2 data inputs ; 64                          ;
;         3 data inputs ; 45                          ;
;         4 data inputs ; 232                         ;
;                       ;                             ;
; Max LUT depth         ; 10.00                       ;
; Average LUT depth     ; 5.44                        ;
+-----------------------+-----------------------------+


+-------------------------------+
; Elapsed Time Per Partition    ;
+----------------+--------------+
; Partition Name ; Elapsed Time ;
+----------------+--------------+
; Top            ; 00:00:02     ;
+----------------+--------------+


+-------------------------------+
; Analysis & Synthesis Messages ;
+-------------------------------+
Info: *******************************************************************
Info: Running Quartus Prime Analysis & Synthesis
    Info: Version 20.1.1 Build 720 11/11/2020 SJ Lite Edition
    Info: Processing started: Fri Dec 08 18:54:50 2023
Info: Command: quartus_map --read_settings_files=on --write_settings_files=off pingpong -c pingpong
Warning (18236): Number of processors has not been specified which may cause overloading on shared machines.  Set the global assignment NUM_PARALLEL_PROCESSORS in your QSF to an appropriate value for best performance.
Info (20030): Parallel compilation is enabled and will use 2 of the 2 processors detected
Info (12021): Found 2 design units, including 1 entities, in source file sonic.vhd
    Info (12022): Found design unit 1: sonic-Behavioral File: C:/Users/IsraCode/Documents/FI/2024-1/VLSI/vgaSonicosPingpong/sonic.vhd Line: 18
    Info (12023): Found entity 1: sonic File: C:/Users/IsraCode/Documents/FI/2024-1/VLSI/vgaSonicosPingpong/sonic.vhd Line: 7
Info (12021): Found 2 design units, including 1 entities, in source file controlador_vga.vhd
    Info (12022): Found design unit 1: controlador_vga-controlador_vga_bhv File: C:/Users/IsraCode/Documents/FI/2024-1/VLSI/vgaSonicosPingpong/controlador_vga.vhd Line: 48
    Info (12023): Found entity 1: controlador_vga File: C:/Users/IsraCode/Documents/FI/2024-1/VLSI/vgaSonicosPingpong/controlador_vga.vhd Line: 8
Info (12021): Found 2 design units, including 1 entities, in source file marcador_dss.vhd
    Info (12022): Found design unit 1: marcador_dss-marcador_dss_bhv File: C:/Users/IsraCode/Documents/FI/2024-1/VLSI/vgaSonicosPingpong/marcador_dss.vhd Line: 22
    Info (12023): Found entity 1: marcador_dss File: C:/Users/IsraCode/Documents/FI/2024-1/VLSI/vgaSonicosPingpong/marcador_dss.vhd Line: 7
Info (12021): Found 2 design units, including 1 entities, in source file imprime_pantalla.vhd
    Info (12022): Found design unit 1: imprime_pantalla-imprime_pantalla_bhv File: C:/Users/IsraCode/Documents/FI/2024-1/VLSI/vgaSonicosPingpong/imprime_pantalla.vhd Line: 69
    Info (12023): Found entity 1: imprime_pantalla File: C:/Users/IsraCode/Documents/FI/2024-1/VLSI/vgaSonicosPingpong/imprime_pantalla.vhd Line: 10
Info (12021): Found 2 design units, including 1 entities, in source file divisor_frec.vhd
    Info (12022): Found design unit 1: divisor_frec-divisor_frec_bhv File: C:/Users/IsraCode/Documents/FI/2024-1/VLSI/vgaSonicosPingpong/divisor_frec.vhd Line: 19
    Info (12023): Found entity 1: divisor_frec File: C:/Users/IsraCode/Documents/FI/2024-1/VLSI/vgaSonicosPingpong/divisor_frec.vhd Line: 7
Info (12021): Found 2 design units, including 1 entities, in source file pingpong.vhd
    Info (12022): Found design unit 1: PINGPONG-PINGPONG_bhv File: C:/Users/IsraCode/Documents/FI/2024-1/VLSI/vgaSonicosPingpong/pingpong.vhd Line: 74
    Info (12023): Found entity 1: PINGPONG File: C:/Users/IsraCode/Documents/FI/2024-1/VLSI/vgaSonicosPingpong/pingpong.vhd Line: 8
Info (12127): Elaborating entity "pingpong" for the top level hierarchy
Warning (10541): VHDL Signal Declaration warning at pingpong.vhd(62): used implicit default value for signal "sonicplayer1" because signal was never assigned a value or an explicit default value. Use of implicit default value may introduce unintended design optimizations. File: C:/Users/IsraCode/Documents/FI/2024-1/VLSI/vgaSonicosPingpong/pingpong.vhd Line: 62
Warning (10541): VHDL Signal Declaration warning at pingpong.vhd(67): used implicit default value for signal "sonicplayer2" because signal was never assigned a value or an explicit default value. Use of implicit default value may introduce unintended design optimizations. File: C:/Users/IsraCode/Documents/FI/2024-1/VLSI/vgaSonicosPingpong/pingpong.vhd Line: 67
Info (12128): Elaborating entity "divisor_frec" for hierarchy "divisor_frec:inst_div_f" File: C:/Users/IsraCode/Documents/FI/2024-1/VLSI/vgaSonicosPingpong/pingpong.vhd Line: 264
Info (12128): Elaborating entity "controlador_vga" for hierarchy "controlador_vga:ins_controlador_vga" File: C:/Users/IsraCode/Documents/FI/2024-1/VLSI/vgaSonicosPingpong/pingpong.vhd Line: 270
Info (12128): Elaborating entity "sonic" for hierarchy "sonic:ultra1" File: C:/Users/IsraCode/Documents/FI/2024-1/VLSI/vgaSonicosPingpong/pingpong.vhd Line: 293
Info (12128): Elaborating entity "imprime_pantalla" for hierarchy "imprime_pantalla:ins_imprime_pantalla" File: C:/Users/IsraCode/Documents/FI/2024-1/VLSI/vgaSonicosPingpong/pingpong.vhd Line: 318
Warning (10492): VHDL Process Statement warning at imprime_pantalla.vhd(104): signal "encendido" is read inside the Process Statement but isn't in the Process Statement's sensitivity list File: C:/Users/IsraCode/Documents/FI/2024-1/VLSI/vgaSonicosPingpong/imprime_pantalla.vhd Line: 104
Warning (10492): VHDL Process Statement warning at imprime_pantalla.vhd(120): signal "encendido" is read inside the Process Statement but isn't in the Process Statement's sensitivity list File: C:/Users/IsraCode/Documents/FI/2024-1/VLSI/vgaSonicosPingpong/imprime_pantalla.vhd Line: 120
Warning (10492): VHDL Process Statement warning at imprime_pantalla.vhd(450): signal "Coord_x_pelota" is read inside the Process Statement but isn't in the Process Statement's sensitivity list File: C:/Users/IsraCode/Documents/FI/2024-1/VLSI/vgaSonicosPingpong/imprime_pantalla.vhd Line: 450
Warning (10492): VHDL Process Statement warning at imprime_pantalla.vhd(451): signal "Coord_x_pelota" is read inside the Process Statement but isn't in the Process Statement's sensitivity list File: C:/Users/IsraCode/Documents/FI/2024-1/VLSI/vgaSonicosPingpong/imprime_pantalla.vhd Line: 451
Warning (10492): VHDL Process Statement warning at imprime_pantalla.vhd(452): signal "Coord_y_pelota" is read inside the Process Statement but isn't in the Process Statement's sensitivity list File: C:/Users/IsraCode/Documents/FI/2024-1/VLSI/vgaSonicosPingpong/imprime_pantalla.vhd Line: 452
Warning (10492): VHDL Process Statement warning at imprime_pantalla.vhd(453): signal "Coord_y_pelota" is read inside the Process Statement but isn't in the Process Statement's sensitivity list File: C:/Users/IsraCode/Documents/FI/2024-1/VLSI/vgaSonicosPingpong/imprime_pantalla.vhd Line: 453
Info (12128): Elaborating entity "divisor_frec" for hierarchy "divisor_frec:ins_reloj_jugadores" File: C:/Users/IsraCode/Documents/FI/2024-1/VLSI/vgaSonicosPingpong/pingpong.vhd Line: 355
Info (12128): Elaborating entity "divisor_frec" for hierarchy "divisor_frec:ins_reloj_pelota" File: C:/Users/IsraCode/Documents/FI/2024-1/VLSI/vgaSonicosPingpong/pingpong.vhd Line: 361
Info (12128): Elaborating entity "marcador_dss" for hierarchy "marcador_dss:ins_marcador" File: C:/Users/IsraCode/Documents/FI/2024-1/VLSI/vgaSonicosPingpong/pingpong.vhd Line: 367
Warning (12241): 2 hierarchies have connectivity warnings - see the Connectivity Checks report folder
Info (13000): Registers with preset signals will power-up high File: C:/Users/IsraCode/Documents/FI/2024-1/VLSI/vgaSonicosPingpong/imprime_pantalla.vhd Line: 143
Info (13003): DEV_CLRn pin will set, and not reset, register with preset signal due to NOT Gate Push-Back
Warning (13004): Presettable and clearable registers converted to equivalent circuits with latches. Registers power-up to an undefined state, and DEVCLRn places the registers in an undefined state.
    Warning (13310): Register "imprime_pantalla:ins_imprime_pantalla|Direccion_pelota[1]" is converted into an equivalent circuit using register "imprime_pantalla:ins_imprime_pantalla|Direccion_pelota[1]~_emulated" and latch "imprime_pantalla:ins_imprime_pantalla|Direccion_pelota[1]~1" File: C:/Users/IsraCode/Documents/FI/2024-1/VLSI/vgaSonicosPingpong/imprime_pantalla.vhd Line: 206
    Warning (13310): Register "imprime_pantalla:ins_imprime_pantalla|Direccion_pelota[0]" is converted into an equivalent circuit using register "imprime_pantalla:ins_imprime_pantalla|Direccion_pelota[0]~_emulated" and latch "imprime_pantalla:ins_imprime_pantalla|Direccion_pelota[0]~5" File: C:/Users/IsraCode/Documents/FI/2024-1/VLSI/vgaSonicosPingpong/imprime_pantalla.vhd Line: 206
    Warning (13310): Register "imprime_pantalla:ins_imprime_pantalla|Direccion_pelota[2]" is converted into an equivalent circuit using register "imprime_pantalla:ins_imprime_pantalla|Direccion_pelota[2]~_emulated" and latch "imprime_pantalla:ins_imprime_pantalla|Direccion_pelota[2]~9" File: C:/Users/IsraCode/Documents/FI/2024-1/VLSI/vgaSonicosPingpong/imprime_pantalla.vhd Line: 206
Warning (13024): Output pins are stuck at VCC or GND
    Warning (13410): Pin "separador1_marcador" is stuck at GND File: C:/Users/IsraCode/Documents/FI/2024-1/VLSI/vgaSonicosPingpong/pingpong.vhd Line: 49
    Warning (13410): Pin "separador2_marcador" is stuck at GND File: C:/Users/IsraCode/Documents/FI/2024-1/VLSI/vgaSonicosPingpong/pingpong.vhd Line: 50
    Warning (13410): Pin "R[0]" is stuck at GND File: C:/Users/IsraCode/Documents/FI/2024-1/VLSI/vgaSonicosPingpong/pingpong.vhd Line: 56
    Warning (13410): Pin "G[0]" is stuck at GND File: C:/Users/IsraCode/Documents/FI/2024-1/VLSI/vgaSonicosPingpong/pingpong.vhd Line: 56
    Warning (13410): Pin "B[0]" is stuck at GND File: C:/Users/IsraCode/Documents/FI/2024-1/VLSI/vgaSonicosPingpong/pingpong.vhd Line: 56
    Warning (13410): Pin "B[1]" is stuck at GND File: C:/Users/IsraCode/Documents/FI/2024-1/VLSI/vgaSonicosPingpong/pingpong.vhd Line: 56
    Warning (13410): Pin "sonicplayer1" is stuck at GND File: C:/Users/IsraCode/Documents/FI/2024-1/VLSI/vgaSonicosPingpong/pingpong.vhd Line: 62
    Warning (13410): Pin "sonicplayer2" is stuck at GND File: C:/Users/IsraCode/Documents/FI/2024-1/VLSI/vgaSonicosPingpong/pingpong.vhd Line: 67
Info (286030): Timing-Driven Synthesis is running
Critical Warning (18061): Ignored Power-Up Level option on the following registers
    Critical Warning (18010): Register imprime_pantalla:ins_imprime_pantalla|coord_y_raqueta1[7] will power up to High File: C:/Users/IsraCode/Documents/FI/2024-1/VLSI/vgaSonicosPingpong/imprime_pantalla.vhd Line: 143
    Critical Warning (18010): Register imprime_pantalla:ins_imprime_pantalla|coord_y_raqueta1[6] will power up to High File: C:/Users/IsraCode/Documents/FI/2024-1/VLSI/vgaSonicosPingpong/imprime_pantalla.vhd Line: 143
    Critical Warning (18010): Register imprime_pantalla:ins_imprime_pantalla|coord_y_raqueta1[5] will power up to High File: C:/Users/IsraCode/Documents/FI/2024-1/VLSI/vgaSonicosPingpong/imprime_pantalla.vhd Line: 143
    Critical Warning (18010): Register imprime_pantalla:ins_imprime_pantalla|coord_y_raqueta1[4] will power up to High File: C:/Users/IsraCode/Documents/FI/2024-1/VLSI/vgaSonicosPingpong/imprime_pantalla.vhd Line: 143
    Critical Warning (18010): Register imprime_pantalla:ins_imprime_pantalla|coord_x_raqueta1[1] will power up to High File: C:/Users/IsraCode/Documents/FI/2024-1/VLSI/vgaSonicosPingpong/imprime_pantalla.vhd Line: 143
    Critical Warning (18010): Register imprime_pantalla:ins_imprime_pantalla|coord_y_raqueta2[7] will power up to High File: C:/Users/IsraCode/Documents/FI/2024-1/VLSI/vgaSonicosPingpong/imprime_pantalla.vhd Line: 143
    Critical Warning (18010): Register imprime_pantalla:ins_imprime_pantalla|coord_y_raqueta2[6] will power up to High File: C:/Users/IsraCode/Documents/FI/2024-1/VLSI/vgaSonicosPingpong/imprime_pantalla.vhd Line: 143
    Critical Warning (18010): Register imprime_pantalla:ins_imprime_pantalla|coord_y_raqueta2[5] will power up to High File: C:/Users/IsraCode/Documents/FI/2024-1/VLSI/vgaSonicosPingpong/imprime_pantalla.vhd Line: 143
    Critical Warning (18010): Register imprime_pantalla:ins_imprime_pantalla|coord_y_raqueta2[4] will power up to High File: C:/Users/IsraCode/Documents/FI/2024-1/VLSI/vgaSonicosPingpong/imprime_pantalla.vhd Line: 143
    Critical Warning (18010): Register imprime_pantalla:ins_imprime_pantalla|Coord_x_pelota[8] will power up to High File: C:/Users/IsraCode/Documents/FI/2024-1/VLSI/vgaSonicosPingpong/imprime_pantalla.vhd Line: 206
    Critical Warning (18010): Register imprime_pantalla:ins_imprime_pantalla|Coord_x_pelota[6] will power up to High File: C:/Users/IsraCode/Documents/FI/2024-1/VLSI/vgaSonicosPingpong/imprime_pantalla.vhd Line: 206
    Critical Warning (18010): Register imprime_pantalla:ins_imprime_pantalla|Coord_y_pelota[7] will power up to High File: C:/Users/IsraCode/Documents/FI/2024-1/VLSI/vgaSonicosPingpong/imprime_pantalla.vhd Line: 206
    Critical Warning (18010): Register imprime_pantalla:ins_imprime_pantalla|Coord_y_pelota[6] will power up to High File: C:/Users/IsraCode/Documents/FI/2024-1/VLSI/vgaSonicosPingpong/imprime_pantalla.vhd Line: 206
    Critical Warning (18010): Register imprime_pantalla:ins_imprime_pantalla|Coord_y_pelota[5] will power up to High File: C:/Users/IsraCode/Documents/FI/2024-1/VLSI/vgaSonicosPingpong/imprime_pantalla.vhd Line: 206
    Critical Warning (18010): Register imprime_pantalla:ins_imprime_pantalla|Coord_y_pelota[4] will power up to High File: C:/Users/IsraCode/Documents/FI/2024-1/VLSI/vgaSonicosPingpong/imprime_pantalla.vhd Line: 206
Info (16010): Generating hard_block partition "hard_block:auto_generated_inst"
    Info (16011): Adding 0 node(s), including 0 DDIO, 0 PLL, 0 transceiver and 0 LCELL
Warning (21074): Design contains 2 input pin(s) that do not drive logic
    Warning (15610): No output dependent on input pin "palancasjugadores[0]" File: C:/Users/IsraCode/Documents/FI/2024-1/VLSI/vgaSonicosPingpong/pingpong.vhd Line: 45
    Warning (15610): No output dependent on input pin "palancasjugadores[1]" File: C:/Users/IsraCode/Documents/FI/2024-1/VLSI/vgaSonicosPingpong/pingpong.vhd Line: 45
Info (21057): Implemented 1017 device resources after synthesis - the final resource count might be different
    Info (21058): Implemented 7 input pins
    Info (21059): Implemented 36 output pins
    Info (21061): Implemented 974 logic cells
Info: Quartus Prime Analysis & Synthesis was successful. 0 errors, 42 warnings
    Info: Peak virtual memory: 4788 megabytes
    Info: Processing ended: Fri Dec 08 18:55:18 2023
    Info: Elapsed time: 00:00:28
    Info: Total CPU time (on all processors): 00:00:33


